// Jest Snapshot v1, https://goo.gl/fbAQLP

exports[`InputField should render the Input Field 1`] = `
<View
  style={
    {
      "width": "100%",
    }
  }
>
  <Text
    style={
      {
        "color": "#344054",
        "fontFamily": "Roboto-Medium",
        "fontSize": 16,
        "paddingBottom": 10,
        "textAlign": "left",
        "width": "100%",
      }
    }
  >
    test
  </Text>
  <TextInput
    onChangeText={[Function]}
    secureTextEntry={false}
    style={
      {
        "borderColor": "#D0D5DD",
        "borderRadius": 8,
        "borderWidth": 1,
        "color": "#344054",
        "fontFamily": "Roboto-Regular",
        "fontSize": 16,
        "height": 40,
        "paddingHorizontal": 14,
        "paddingVertical": 10,
        "textAlign": "left",
        "width": "100%",
      }
    }
  />
</View>
`;
